{
  "components" : {
    "schemas" : {
      "test.io.smallrye.openapi.runtime.scanner.entities.EnumRequiredContainer" : {
        "required": [ "bazEnum" ],
        "type": "object",
        "properties" : {
          "bazEnum" : {
            "enum" : [ "Gold", "Green" ],
            "type" : "string"
          }
        }
      }
    }
  }
}
