{
  "components" : {
    "schemas" : {
      "test.io.smallrye.openapi.runtime.scanner.entities.TransientFieldExample" : {
        "type" : "object",
        "properties" : {
          "unhiddenTransientField" : {
            "type" : "string"
          }
        }
      }
    }
  }
}
