{
  "components": {
    "schemas": {
      "BazEnum": {
        "type": "string",
        "enum": [
          "Gold",
          "Green"
        ]
      },
      "EnumContainer": {
        "type": "object",
        "properties": {
          "bazEnum": {
            "$ref": "#/components/schemas/BazEnum"
          }
        }
      }
    }
  }
}
